--- Testing Tracking ---
N27 Result: https://www.atrapalo.com/entradas/italian_e4936315/?atr_trk=N27-20260112_CampanaTest-COM_120126_Entradas_APP_CampanaTest&utm_source=app&utm_medium=push&utm_campaign=CampanaTest
python : Traceback (most recent call last):
En línea: 1 Carácter: 1
+ python verify_marketing.py > test_output.txt 2>&1 ; type test_output. ...
+ ~~~~~~~~~~~~~~~~~~~~~~~~~~~~~~~~~~~~~~~~~~~~~~~~~
    + CategoryInfo          : NotSpecified: (Traceback (most recent call last)::String) [], RemoteExcep 
   tion
    + FullyQualifiedErrorId : NativeCommandError
 
  File "C:\Users\tomas.senor\Desktop\Coding_Proyects\automatizador-nl\verify_marketing.py", line 42, in 
<module>
    test_tracking()
  File "C:\Users\tomas.senor\Desktop\Coding_Proyects\automatizador-nl\verify_marketing.py", line 17, in 
test_tracking
    print("\u2705 N27 OK")
  File "C:\Program Files\WindowsApps\PythonSoftwareFoundation.Python.3.11_3.11.2544.0_x64__qbz5n2kfra8p0
\Lib\encodings\cp1252.py", line 19, in encode
    return codecs.charmap_encode(input,self.errors,encoding_table)[0]
           ^^^^^^^^^^^^^^^^^^^^^^^^^^^^^^^^^^^^^^^^^^^^^^^^^^^^^^^
UnicodeEncodeError: 'charmap' codec can't encode character '\u2705' in position 0: character maps to 
<undefined>
